// Jest Snapshot v1, https://goo.gl/fbAQLP

exports[`Should render AddBookForm correctly 1`] = `
<Modal
  ariaHideApp={false}
  bodyOpenClassName="ReactModal__Body--open"
  className="modal"
  closeTimeoutMS={800}
  contentLabel="Add New Book"
  isOpen={false}
  parentSelector={[Function]}
  portalClassName="ReactModalPortal"
  role="dialog"
  shouldCloseOnEsc={true}
  shouldCloseOnOverlayClick={true}
  shouldFocusAfterRender={true}
  shouldReturnFocusAfterClose={true}
>
  <h2
    className="add__book_hading"
  >
    Add New Book
  </h2>
  <form
    className="addbook__form"
    onSubmit={[Function]}
  >
    <div
      className="addbook__form_row"
    >
      <div
        className="addbook__form_column"
      >
        <input
          autoComplete="off"
          className="addbook__form_input"
          onChange={[Function]}
          required={true}
          type="text"
          value=""
        />
        <label
          className="addbook__form_label"
          htmlFor="title"
        >
          <span
            className="addbook__form_content"
          >
            Book Title
          </span>
        </label>
      </div>
      <div
        className="addbook__form_column"
      >
        <input
          autoComplete="off"
          className="addbook__form_input"
          onChange={[Function]}
          required={true}
          type="text"
          value=""
        />
        <label
          className="addbook__form_label"
          htmlFor="title"
        >
          <span
            className="addbook__form_content"
          >
            Author
          </span>
        </label>
      </div>
    </div>
    <div
      className="addbook__form_row"
    >
      <div
        className="addbook__form_column"
      >
        <input
          className="addbook__form_input"
          onChange={[Function]}
          required={true}
          type="number"
          value=""
        />
        <label
          className="addbook__form_label"
          htmlFor="title"
        >
          <span
            className="addbook__form_content"
          >
            Publication Year
          </span>
        </label>
      </div>
      <div
        className="addbook__form_column"
      >
        <input
          className="addbook__form_input"
          onChange={[Function]}
          required={true}
          type="number"
          value=""
        />
        <label
          className="addbook__form_label"
          htmlFor="title"
        >
          <span
            className="addbook__form_content"
          >
            Publication Length
          </span>
        </label>
      </div>
    </div>
    <div
      className="addbook__form_row"
    >
      <div
        className="addbook__form_column"
      >
        <input
          className="addbook__form_input"
          onChange={[Function]}
          required={true}
          type="text"
          value=""
        />
        <label
          className="addbook__form_label"
          htmlFor="title"
        >
          <span
            className="addbook__form_content"
          >
            Publisher
          </span>
        </label>
      </div>
      <div
        className="addbook__form_column"
      >
        <input
          autoComplete="off"
          className="addbook__form_input"
          onChange={[Function]}
          pattern="https://.*"
          required={true}
          title="URL should match the pattern: https://.*"
          type="url"
          value=""
        />
        <label
          className="addbook__form_label"
          htmlFor="url"
        >
          <span
            className="addbook__form_content"
          >
            Link to the Book
          </span>
        </label>
      </div>
    </div>
    <div
      className="addbook__form_row"
    >
      <div
        className="addbook__form_column"
      >
        <input
          className="addbook__form_input"
          onChange={[Function]}
          required={true}
          type="text"
          value=""
        />
        <label
          className="addbook__form_label"
          htmlFor="title"
        >
          <span
            className="addbook__form_content"
          >
            Category
          </span>
        </label>
      </div>
      <div
        className="addbook__form_column"
      >
        <input
          className="addbook__form_input"
          max="10"
          min="1"
          onChange={[Function]}
          required={true}
          type="number"
          value=""
        />
        <label
          className="addbook__form_label"
          htmlFor="title"
        >
          <span
            className="addbook__form_content"
          >
            Rating
          </span>
        </label>
      </div>
    </div>
    <div
      className="addbook__form_row"
    >
      <div
        className="addbook__form_column"
      >
        <input
          autoComplete="on"
          className="addbook__form_input"
          onChange={[Function]}
          required={true}
          title="URL should match the pattern: https://.*"
          type="url"
          value=""
        />
        <label
          className="addbook__form_label"
          htmlFor="url"
        >
          <span
            className="addbook__form_content"
          >
            Image Link
          </span>
        </label>
      </div>
    </div>
    <div
      className="addbook__form_row"
    >
      <div
        className="addbook__form_column-textarea"
      >
        <textarea
          className="addbook__form_textarea"
          maxLength="3000"
          onChange={[Function]}
          required={true}
          type="text"
          value=""
        />
        <label
          className="addbook__form_label-textarea"
          htmlFor="title"
        >
          <span
            className="addbook__form_content-textarea"
          >
            Book Description
          </span>
        </label>
      </div>
    </div>
    <div
      className="modal__button-bottom_wrapper"
    >
      <button
        className="modal__button-bottom"
        type="submit"
      >
        Add Book
      </button>
    </div>
  </form>
  <button
    className="modal__button-top"
  >
    <span>
      Ã—
    </span>
  </button>
</Modal>
`;

exports[`Should render AddBookForm with books data 1`] = `
<Modal
  ariaHideApp={false}
  bodyOpenClassName="ReactModal__Body--open"
  className="modal"
  closeTimeoutMS={800}
  contentLabel="Add New Book"
  isOpen={false}
  parentSelector={[Function]}
  portalClassName="ReactModalPortal"
  role="dialog"
  shouldCloseOnEsc={true}
  shouldCloseOnOverlayClick={true}
  shouldFocusAfterRender={true}
  shouldReturnFocusAfterClose={true}
>
  <h2
    className="add__book_hading"
  >
    Add New Book
  </h2>
  <form
    className="addbook__form"
    onSubmit={[Function]}
  >
    <div
      className="addbook__form_row"
    >
      <div
        className="addbook__form_column"
      >
        <input
          autoComplete="off"
          className="addbook__form_input"
          onChange={[Function]}
          required={true}
          type="text"
          value="Incognito: The Secret Lives of the Brain"
        />
        <label
          className="addbook__form_label"
          htmlFor="title"
        >
          <span
            className="addbook__form_content"
          >
            Book Title
          </span>
        </label>
      </div>
      <div
        className="addbook__form_column"
      >
        <input
          autoComplete="off"
          className="addbook__form_input"
          onChange={[Function]}
          required={true}
          type="text"
          value="David Eagleman"
        />
        <label
          className="addbook__form_label"
          htmlFor="title"
        >
          <span
            className="addbook__form_content"
          >
            Author
          </span>
        </label>
      </div>
    </div>
    <div
      className="addbook__form_row"
    >
      <div
        className="addbook__form_column"
      >
        <input
          className="addbook__form_input"
          onChange={[Function]}
          required={true}
          type="number"
        />
        <label
          className="addbook__form_label"
          htmlFor="title"
        >
          <span
            className="addbook__form_content"
          >
            Publication Year
          </span>
        </label>
      </div>
      <div
        className="addbook__form_column"
      >
        <input
          className="addbook__form_input"
          onChange={[Function]}
          required={true}
          type="number"
        />
        <label
          className="addbook__form_label"
          htmlFor="title"
        >
          <span
            className="addbook__form_content"
          >
            Publication Length
          </span>
        </label>
      </div>
    </div>
    <div
      className="addbook__form_row"
    >
      <div
        className="addbook__form_column"
      >
        <input
          className="addbook__form_input"
          onChange={[Function]}
          required={true}
          type="text"
        />
        <label
          className="addbook__form_label"
          htmlFor="title"
        >
          <span
            className="addbook__form_content"
          >
            Publisher
          </span>
        </label>
      </div>
      <div
        className="addbook__form_column"
      >
        <input
          autoComplete="off"
          className="addbook__form_input"
          onChange={[Function]}
          pattern="https://.*"
          required={true}
          title="URL should match the pattern: https://.*"
          type="url"
        />
        <label
          className="addbook__form_label"
          htmlFor="url"
        >
          <span
            className="addbook__form_content"
          >
            Link to the Book
          </span>
        </label>
      </div>
    </div>
    <div
      className="addbook__form_row"
    >
      <div
        className="addbook__form_column"
      >
        <input
          className="addbook__form_input"
          onChange={[Function]}
          required={true}
          type="text"
        />
        <label
          className="addbook__form_label"
          htmlFor="title"
        >
          <span
            className="addbook__form_content"
          >
            Category
          </span>
        </label>
      </div>
      <div
        className="addbook__form_column"
      >
        <input
          className="addbook__form_input"
          max="10"
          min="1"
          onChange={[Function]}
          required={true}
          type="number"
        />
        <label
          className="addbook__form_label"
          htmlFor="title"
        >
          <span
            className="addbook__form_content"
          >
            Rating
          </span>
        </label>
      </div>
    </div>
    <div
      className="addbook__form_row"
    >
      <div
        className="addbook__form_column"
      >
        <input
          autoComplete="on"
          className="addbook__form_input"
          onChange={[Function]}
          required={true}
          title="URL should match the pattern: https://.*"
          type="url"
        />
        <label
          className="addbook__form_label"
          htmlFor="url"
        >
          <span
            className="addbook__form_content"
          >
            Image Link
          </span>
        </label>
      </div>
    </div>
    <div
      className="addbook__form_row"
    >
      <div
        className="addbook__form_column-textarea"
      >
        <textarea
          className="addbook__form_textarea"
          maxLength="3000"
          onChange={[Function]}
          required={true}
          type="text"
        />
        <label
          className="addbook__form_label-textarea"
          htmlFor="title"
        >
          <span
            className="addbook__form_content-textarea"
          >
            Book Description
          </span>
        </label>
      </div>
    </div>
    <div
      className="modal__button-bottom_wrapper"
    >
      <button
        className="modal__button-bottom"
        type="submit"
      >
        Add Book
      </button>
    </div>
  </form>
  <button
    className="modal__button-top"
  >
    <span>
      Ã—
    </span>
  </button>
</Modal>
`;

exports[`Should render error for invalid form submission 1`] = `
<Modal
  ariaHideApp={false}
  bodyOpenClassName="ReactModal__Body--open"
  className="modal"
  closeTimeoutMS={800}
  contentLabel="Add New Book"
  isOpen={false}
  parentSelector={[Function]}
  portalClassName="ReactModalPortal"
  role="dialog"
  shouldCloseOnEsc={true}
  shouldCloseOnOverlayClick={true}
  shouldFocusAfterRender={true}
  shouldReturnFocusAfterClose={true}
>
  <h2
    className="add__book_hading"
  >
    Add New Book
  </h2>
  <form
    className="addbook__form"
    onSubmit={[Function]}
  >
    <div
      className="addbook__form_row"
    >
      <div
        className="addbook__form_column"
      >
        <input
          autoComplete="off"
          className="addbook__form_input"
          onChange={[Function]}
          required={true}
          type="text"
          value=""
        />
        <label
          className="addbook__form_label"
          htmlFor="title"
        >
          <span
            className="addbook__form_content"
          >
            Book Title
          </span>
        </label>
      </div>
      <div
        className="addbook__form_column"
      >
        <input
          autoComplete="off"
          className="addbook__form_input"
          onChange={[Function]}
          required={true}
          type="text"
          value=""
        />
        <label
          className="addbook__form_label"
          htmlFor="title"
        >
          <span
            className="addbook__form_content"
          >
            Author
          </span>
        </label>
      </div>
    </div>
    <div
      className="addbook__form_row"
    >
      <div
        className="addbook__form_column"
      >
        <input
          className="addbook__form_input"
          onChange={[Function]}
          required={true}
          type="number"
          value=""
        />
        <label
          className="addbook__form_label"
          htmlFor="title"
        >
          <span
            className="addbook__form_content"
          >
            Publication Year
          </span>
        </label>
      </div>
      <div
        className="addbook__form_column"
      >
        <input
          className="addbook__form_input"
          onChange={[Function]}
          required={true}
          type="number"
          value=""
        />
        <label
          className="addbook__form_label"
          htmlFor="title"
        >
          <span
            className="addbook__form_content"
          >
            Publication Length
          </span>
        </label>
      </div>
    </div>
    <div
      className="addbook__form_row"
    >
      <div
        className="addbook__form_column"
      >
        <input
          className="addbook__form_input"
          onChange={[Function]}
          required={true}
          type="text"
          value=""
        />
        <label
          className="addbook__form_label"
          htmlFor="title"
        >
          <span
            className="addbook__form_content"
          >
            Publisher
          </span>
        </label>
      </div>
      <div
        className="addbook__form_column"
      >
        <input
          autoComplete="off"
          className="addbook__form_input"
          onChange={[Function]}
          pattern="https://.*"
          required={true}
          title="URL should match the pattern: https://.*"
          type="url"
          value=""
        />
        <label
          className="addbook__form_label"
          htmlFor="url"
        >
          <span
            className="addbook__form_content"
          >
            Link to the Book
          </span>
        </label>
      </div>
    </div>
    <div
      className="addbook__form_row"
    >
      <div
        className="addbook__form_column"
      >
        <input
          className="addbook__form_input"
          onChange={[Function]}
          required={true}
          type="text"
          value=""
        />
        <label
          className="addbook__form_label"
          htmlFor="title"
        >
          <span
            className="addbook__form_content"
          >
            Category
          </span>
        </label>
      </div>
      <div
        className="addbook__form_column"
      >
        <input
          className="addbook__form_input"
          max="10"
          min="1"
          onChange={[Function]}
          required={true}
          type="number"
          value=""
        />
        <label
          className="addbook__form_label"
          htmlFor="title"
        >
          <span
            className="addbook__form_content"
          >
            Rating
          </span>
        </label>
      </div>
    </div>
    <div
      className="addbook__form_row"
    >
      <div
        className="addbook__form_column"
      >
        <input
          autoComplete="on"
          className="addbook__form_input"
          onChange={[Function]}
          required={true}
          title="URL should match the pattern: https://.*"
          type="url"
          value=""
        />
        <label
          className="addbook__form_label"
          htmlFor="url"
        >
          <span
            className="addbook__form_content"
          >
            Image Link
          </span>
        </label>
      </div>
    </div>
    <div
      className="addbook__form_row"
    >
      <div
        className="addbook__form_column-textarea"
      >
        <textarea
          className="addbook__form_textarea"
          maxLength="3000"
          onChange={[Function]}
          required={true}
          type="text"
          value=""
        />
        <label
          className="addbook__form_label-textarea"
          htmlFor="title"
        >
          <span
            className="addbook__form_content-textarea"
          >
            Book Description
          </span>
        </label>
      </div>
    </div>
    <div
      className="modal__button-bottom_wrapper"
    >
      <button
        className="modal__button-bottom"
        type="submit"
      >
        Add Book
      </button>
    </div>
  </form>
  <button
    className="modal__button-top"
  >
    <span>
      Ã—
    </span>
  </button>
</Modal>
`;

exports[`Should render error for invalid form submission 2`] = `
<Modal
  ariaHideApp={false}
  bodyOpenClassName="ReactModal__Body--open"
  className="modal"
  closeTimeoutMS={800}
  contentLabel="Add New Book"
  isOpen={false}
  parentSelector={[Function]}
  portalClassName="ReactModalPortal"
  role="dialog"
  shouldCloseOnEsc={true}
  shouldCloseOnOverlayClick={true}
  shouldFocusAfterRender={true}
  shouldReturnFocusAfterClose={true}
>
  <h2
    className="add__book_hading"
  >
    Add New Book
  </h2>
  <form
    className="addbook__form"
    onSubmit={[Function]}
  >
    <p
      className="addbook-form__warning"
    >
      Title's name field should not stay empty!
    </p>
    <div
      className="addbook__form_row"
    >
      <div
        className="addbook__form_column"
      >
        <input
          autoComplete="off"
          className="addbook__form_input"
          onChange={[Function]}
          required={true}
          type="text"
          value=""
        />
        <label
          className="addbook__form_label"
          htmlFor="title"
        >
          <span
            className="addbook__form_content"
          >
            Book Title
          </span>
        </label>
      </div>
      <div
        className="addbook__form_column"
      >
        <input
          autoComplete="off"
          className="addbook__form_input"
          onChange={[Function]}
          required={true}
          type="text"
          value=""
        />
        <label
          className="addbook__form_label"
          htmlFor="title"
        >
          <span
            className="addbook__form_content"
          >
            Author
          </span>
        </label>
      </div>
    </div>
    <div
      className="addbook__form_row"
    >
      <div
        className="addbook__form_column"
      >
        <input
          className="addbook__form_input"
          onChange={[Function]}
          required={true}
          type="number"
          value=""
        />
        <label
          className="addbook__form_label"
          htmlFor="title"
        >
          <span
            className="addbook__form_content"
          >
            Publication Year
          </span>
        </label>
      </div>
      <div
        className="addbook__form_column"
      >
        <input
          className="addbook__form_input"
          onChange={[Function]}
          required={true}
          type="number"
          value=""
        />
        <label
          className="addbook__form_label"
          htmlFor="title"
        >
          <span
            className="addbook__form_content"
          >
            Publication Length
          </span>
        </label>
      </div>
    </div>
    <div
      className="addbook__form_row"
    >
      <div
        className="addbook__form_column"
      >
        <input
          className="addbook__form_input"
          onChange={[Function]}
          required={true}
          type="text"
          value=""
        />
        <label
          className="addbook__form_label"
          htmlFor="title"
        >
          <span
            className="addbook__form_content"
          >
            Publisher
          </span>
        </label>
      </div>
      <div
        className="addbook__form_column"
      >
        <input
          autoComplete="off"
          className="addbook__form_input"
          onChange={[Function]}
          pattern="https://.*"
          required={true}
          title="URL should match the pattern: https://.*"
          type="url"
          value=""
        />
        <label
          className="addbook__form_label"
          htmlFor="url"
        >
          <span
            className="addbook__form_content"
          >
            Link to the Book
          </span>
        </label>
      </div>
    </div>
    <div
      className="addbook__form_row"
    >
      <div
        className="addbook__form_column"
      >
        <input
          className="addbook__form_input"
          onChange={[Function]}
          required={true}
          type="text"
          value=""
        />
        <label
          className="addbook__form_label"
          htmlFor="title"
        >
          <span
            className="addbook__form_content"
          >
            Category
          </span>
        </label>
      </div>
      <div
        className="addbook__form_column"
      >
        <input
          className="addbook__form_input"
          max="10"
          min="1"
          onChange={[Function]}
          required={true}
          type="number"
          value=""
        />
        <label
          className="addbook__form_label"
          htmlFor="title"
        >
          <span
            className="addbook__form_content"
          >
            Rating
          </span>
        </label>
      </div>
    </div>
    <div
      className="addbook__form_row"
    >
      <div
        className="addbook__form_column"
      >
        <input
          autoComplete="on"
          className="addbook__form_input"
          onChange={[Function]}
          required={true}
          title="URL should match the pattern: https://.*"
          type="url"
          value=""
        />
        <label
          className="addbook__form_label"
          htmlFor="url"
        >
          <span
            className="addbook__form_content"
          >
            Image Link
          </span>
        </label>
      </div>
    </div>
    <div
      className="addbook__form_row"
    >
      <div
        className="addbook__form_column-textarea"
      >
        <textarea
          className="addbook__form_textarea"
          maxLength="3000"
          onChange={[Function]}
          required={true}
          type="text"
          value=""
        />
        <label
          className="addbook__form_label-textarea"
          htmlFor="title"
        >
          <span
            className="addbook__form_content-textarea"
          >
            Book Description
          </span>
        </label>
      </div>
    </div>
    <div
      className="modal__button-bottom_wrapper"
    >
      <button
        className="modal__button-bottom"
        type="submit"
      >
        Add Book
      </button>
    </div>
  </form>
  <button
    className="modal__button-top"
  >
    <span>
      Ã—
    </span>
  </button>
</Modal>
`;
