// Jest Snapshot v1, https://goo.gl/fbAQLP

exports[`Should render Header correctly 1`] = `
<header>
  <h1
    className="header__main_heading"
  >
    Personal Digital Library
  </h1>
  <Connect(BooksSummary) />
</header>
`;
