// Jest Snapshot v1, https://goo.gl/fbAQLP

exports[`Should NotFoundPage render corectly 1`] = `
<div>
  <h2>
    404: Page Not Found!
  </h2>
  <Link
    to="/"
  >
    Go back to the main page
  </Link>
</div>
`;
